2026-06-20 00:33:12,697 [INFO] ======================================================================
2026-06-20 00:33:12,697 [INFO] PHASE 7.6 — EVENT-LEVEL GENERALIZATION RECOVERY ENGINE (FIXED)
2026-06-20 00:33:12,698 [INFO]   Started: 2026-06-19T19:03:12.696287+00:00
2026-06-20 00:33:12,698 [INFO]   Available memory: 7473.8 MB
2026-06-20 00:33:12,699 [INFO]   Fixes applied: Objective alignment, LOOCV, overlap fraction, memory safety, etc.
2026-06-20 00:33:12,699 [INFO] ======================================================================
2026-06-20 00:33:12,699 [INFO] ============================================================
2026-06-20 00:33:12,699 [INFO] STEP 0: INPUT VALIDATION
2026-06-20 00:33:12,699 [INFO] ============================================================
2026-06-20 00:33:12,701 [INFO] [STEP0_INPUT_VALIDATION] PASSED | {"parquet_path": "PHASE5B_ENGINEERED_DATASET.parquet", "model_path": "PHASE5B_TEMPORAL_XGBOOST.joblib", "files_found": 7}
2026-06-20 00:33:12,701 [INFO] ============================================================
2026-06-20 00:33:12,702 [INFO] STEP 1: SCHEMA DISCOVERY ENGINE
2026-06-20 00:33:12,702 [INFO] ============================================================
2026-06-20 00:33:12,734 [INFO] [STEP1_SCHEMA_DISCOVERY] PASSED | {"patient_col": "patient", "label_col": "label", "win_start_col": null, "feature_count": 484}
2026-06-20 00:33:12,737 [INFO] ============================================================
2026-06-20 00:33:12,737 [INFO] STEP 2: PATIENT SPLIT + ROOT CAUSE INGESTION
2026-06-20 00:33:12,737 [INFO] ============================================================
2026-06-20 00:33:12,741 [INFO]   Distribution-based attenuated threshold: 0.704 (25th percentile of MPP distribution)
2026-06-20 00:33:12,742 [INFO] [STEP2_PATIENT_SPLIT] PASSED | {"train": 16, "calib": 3, "test": 5, "root_cause_patients": ["chb14", "chb22", "chb02"], "archetypes": {"chb14": "attenuated", "chb22": "calibration_misaligned", "chb02": "calibration_misaligned"}, "attenuated_threshold": 0.70442}
2026-06-20 00:33:12,743 [INFO] ============================================================
2026-06-20 00:33:12,743 [INFO] STEP 3: MEMORY AUDIT
2026-06-20 00:33:12,743 [INFO] ============================================================
2026-06-20 00:33:12,752 [INFO] [STEP3_MEMORY_AUDIT] PASSED | {"parquet_path": "PHASE5B_ENGINEERED_DATASET.parquet", "parquet_size_gb": 3.634, "num_row_groups": 2, "total_rows": 1765872, "total_cols": 493, "loading_strategy": "streaming_chunked_predicate_pushdown", "chunk_size_rows": 50000, "forbidden_operations": ["df.values", ".to_numpy()", "np.array(df)", "X = train_df[features] for full dataset"], "current_rss_mb": 168.2, "available_mb": 7467.74, "peak_allocation_limit_gb": 8.0}
2026-06-20 00:33:12,753 [INFO] ============================================================
2026-06-20 00:33:12,753 [INFO] STEP 4: MODEL LOADING
2026-06-20 00:33:12,753 [INFO] ============================================================
2026-06-20 00:33:12,994 [WARNING]   Model has no stored feature names — using signature order
2026-06-20 00:33:12,994 [INFO] [STEP4_LOAD_MODEL] PASSED | {"model_path": "PHASE5B_TEMPORAL_XGBOOST.joblib", "model_type": "XGBClassifier", "feature_count": 484, "feature_order_verified": true}
2026-06-20 00:33:12,995 [INFO] Loading calibration patient data...
2026-06-20 00:33:32,110 [INFO]   Loaded 187793 rows for CALIBRATION. RAM=4596MB
2026-06-20 00:33:32,323 [INFO] ============================================================
2026-06-20 00:33:32,323 [INFO] STEP 5: CALIBRATION ENGINE (Event-F1 optimized)
2026-06-20 00:33:32,323 [INFO] ============================================================
2026-06-20 00:33:32,329 [INFO]   Getting raw probabilities for calibration patients...
2026-06-20 00:33:41,479 [INFO]   none: Event-F1=0.4746, Brier=0.008589
2026-06-20 00:33:42,426 [INFO]   platt: Event-F1=0.3556, Brier=0.007123
2026-06-20 00:33:42,543 [INFO]   isotonic: Event-F1=0.1622, Brier=0.007034
2026-06-20 00:33:43,021 [INFO] [STEP5_CALIBRATION] ARTIFACT_VALIDATED | {"path": "PHASE7_6_CALIBRATION_AUDIT.csv", "rows": 3, "cols": 6}
2026-06-20 00:33:43,040 [INFO]   Best calibrator: none (highest Event-F1)
2026-06-20 00:33:43,040 [INFO] [STEP5_CALIBRATION] PASSED | {"best_method": "none", "best_event_f1": 0.4746, "results": [{"method": "none", "event_f1": 0.4746, "brier": 0.008589, "tp": 14, "fp": 11, "fn": 20}, {"method": "platt", "event_f1": 0.3556, "brier": 0.007123, "tp": 8, "fp": 3, "fn": 26}, {"method": "isotonic", "event_f1": 0.1622, "brier": 0.007034, "tp": 3, "fp": 0, "fn": 31}]}
2026-06-20 00:33:43,048 [INFO] ============================================================
2026-06-20 00:33:43,049 [INFO] STEP 6: EVENT MERGE GAP AUDIT (calibration patients only)
2026-06-20 00:33:43,049 [INFO] ============================================================
2026-06-20 00:33:47,490 [INFO] [STEP6_EVENT_MERGE_AUDIT] ARTIFACT_VALIDATED | {"path": "PHASE7_6_EVENT_MERGE_AUDIT.csv", "rows": 35, "cols": 6}
2026-06-20 00:33:47,908 [INFO] [STEP6_EVENT_MERGE_AUDIT] PASSED | {"best_merge_gap_sec": 90, "best_min_duration_sec": 20, "best_event_f1": 0.5091, "configs_tested": 35}
2026-06-20 00:33:47,909 [INFO] ============================================================
2026-06-20 00:33:47,910 [INFO] STEP 7: EVENT CONFIDENCE AUDIT (calibration patients only)
2026-06-20 00:33:47,910 [INFO] ============================================================
2026-06-20 00:33:48,511 [INFO] [STEP7_EVENT_CONFIDENCE_AUDIT] ARTIFACT_VALIDATED | {"path": "PHASE7_6_EVENT_CONFIDENCE_AUDIT.csv", "rows": 21, "cols": 12}
2026-06-20 00:33:48,516 [INFO] [STEP7_EVENT_CONFIDENCE_AUDIT] PASSED | {"total_events": 21, "fp_events": 7, "tp_events": 14, "fp_mean_peak_prob": 0.8463, "tp_mean_peak_prob": 0.9}
2026-06-20 00:33:48,516 [INFO] ============================================================
2026-06-20 00:33:48,516 [INFO] STEP 10: FULL PARAMETER SWEEP with LOOCV (calibration patients only)
2026-06-20 00:33:48,516 [INFO] ============================================================
2026-06-20 00:33:48,517 [INFO]   Calibration patients for sweep: ['chb03', 'chb15', 'chb23']
2026-06-20 00:33:48,521 [INFO]   Total configurations: 10800
2026-06-20 00:33:48,521 [INFO]   Processing config 1/10800
2026-06-20 00:36:46,145 [INFO]   Processing config 1001/10800
2026-06-20 00:39:41,882 [INFO]   Processing config 2001/10800
2026-06-20 00:42:26,669 [INFO]   Processing config 3001/10800
2026-06-20 00:45:18,510 [INFO]   Processing config 4001/10800
2026-06-20 00:48:01,764 [INFO]   Processing config 5001/10800
2026-06-20 00:50:48,047 [INFO]   Processing config 6001/10800
2026-06-20 00:53:32,056 [INFO]   Processing config 7001/10800
2026-06-20 00:56:19,279 [INFO]   Processing config 8001/10800
2026-06-20 00:59:14,972 [INFO]   Processing config 9001/10800
2026-06-20 01:02:05,055 [INFO]   Processing config 10001/10800
2026-06-20 01:04:21,524 [INFO] [STEP10_PARAMETER_SWEEP] ARTIFACT_VALIDATED | {"path": "PHASE7_6_PARAMETER_SWEEP_AUDIT.csv", "rows": 10800, "cols": 10}
2026-06-20 01:04:21,525 [INFO]   Top 5 configurations:
2026-06-20 01:04:21,525 [INFO]     #1: F1=0.5792±0.1905  smoothing=11.0 threshold=0.3 merge=60.0 mpp=0.5
2026-06-20 01:04:21,526 [INFO]     #2: F1=0.5792±0.1905  smoothing=11.0 threshold=0.3 merge=60.0 mpp=0.5
2026-06-20 01:04:21,526 [INFO]     #3: F1=0.5792±0.1905  smoothing=11.0 threshold=0.3 merge=60.0 mpp=0.5
2026-06-20 01:04:21,526 [INFO]     #4: F1=0.5792±0.1905  smoothing=11.0 threshold=0.3 merge=60.0 mpp=0.5
2026-06-20 01:04:21,526 [INFO]     #5: F1=0.5792±0.1905  smoothing=11.0 threshold=0.3 merge=90.0 mpp=0.5
2026-06-20 01:04:21,527 [INFO]   Best config: {'smoothing': 11, 'threshold': 0.3, 'merge_gap_sec': 60.0, 'min_duration_sec': 20.0, 'min_windows': 5, 'confidence_density': 0.2, 'global_mpp': 0.5}
2026-06-20 01:04:21,527 [INFO]   Best calibration event F1 (LOOCV): 0.5792
2026-06-20 01:04:21,527 [INFO] [STEP10_PARAMETER_SWEEP] PASSED | {"configs_tested": 10800, "best_event_f1_on_calibration": 0.5792, "best_config": {"smoothing": 11, "threshold": 0.3, "merge_gap_sec": 60.0, "min_duration_sec": 20.0, "min_windows": 5, "confidence_density": 0.2, "global_mpp": 0.5}, "top_n_stable": 5, "loocv_folds": 3}
2026-06-20 01:04:21,530 [INFO] ============================================================
2026-06-20 01:04:21,531 [INFO] STEP 8: ATTENUATED SIGNAL AUDIT (calibration archetype only)
2026-06-20 01:04:21,531 [INFO] ============================================================
2026-06-20 01:04:21,531 [INFO]   No calibration patients classified as attenuated archetype. Using all calibration patients for attenuated MPP sweep.
2026-06-20 01:04:21,531 [INFO]   Attenuated archetype patients in calibration: ['chb03', 'chb15', 'chb23']
2026-06-20 01:04:21,604 [INFO]   mpp=0.25 -> TP=16 FP=9 FN=18 F1=0.5424
2026-06-20 01:04:21,688 [INFO]   mpp=0.30 -> TP=16 FP=9 FN=18 F1=0.5424
2026-06-20 01:04:21,771 [INFO]   mpp=0.35 -> TP=16 FP=8 FN=18 F1=0.5517
2026-06-20 01:04:21,856 [INFO]   mpp=0.40 -> TP=16 FP=8 FN=18 F1=0.5517
2026-06-20 01:04:21,938 [INFO]   mpp=0.45 -> TP=16 FP=7 FN=18 F1=0.5614
2026-06-20 01:04:22,024 [INFO]   mpp=0.50 -> TP=16 FP=7 FN=18 F1=0.5614
2026-06-20 01:04:22,111 [INFO]   mpp=0.55 -> TP=14 FP=7 FN=20 F1=0.5091
2026-06-20 01:04:22,203 [INFO]   mpp=0.60 -> TP=14 FP=6 FN=20 F1=0.5185
2026-06-20 01:04:22,220 [INFO] [STEP8_ATTENUATED_SIGNAL_AUDIT] ARTIFACT_VALIDATED | {"path": "PHASE7_6_ATTENUATED_SIGNAL_AUDIT.csv", "rows": 8, "cols": 5}
2026-06-20 01:04:22,221 [INFO] [STEP8_ATTENUATED_SIGNAL_AUDIT] PASSED | {"calibration_attenuated_patients": ["chb03", "chb15", "chb23"], "best_attenuated_mpp": 0.5, "configs_tested": 8}
2026-06-20 01:04:22,222 [INFO] ============================================================
2026-06-20 01:04:22,222 [INFO] STEP 9: ARCHETYPE ENGINE
2026-06-20 01:04:22,222 [INFO] ============================================================
2026-06-20 01:04:22,239 [INFO] [STEP9_ARCHETYPE_ENGINE] ARTIFACT_VALIDATED | {"path": "PHASE7_6_ARCHETYPES.csv", "rows": 5, "cols": 5}
2026-06-20 01:04:22,239 [INFO] [STEP9_ARCHETYPE_ENGINE] PASSED | {"patients": 5}
2026-06-20 01:04:22,240 [INFO] ============================================================
2026-06-20 01:04:22,240 [INFO] STEP 11: FALSE POSITIVE FORENSICS (calibration patients only)
2026-06-20 01:04:22,240 [INFO] ============================================================
2026-06-20 01:04:22,332 [INFO] [STEP11_FP_FORENSICS] ARTIFACT_VALIDATED | {"path": "PHASE7_6_FALSE_POSITIVE_FORENSICS.csv", "rows": 7, "cols": 12}
2026-06-20 01:04:22,333 [INFO] [STEP11_FP_FORENSICS] PASSED | {"fp_count": 7, "mean_fp_peak_prob": 0.7902}
2026-06-20 01:04:22,334 [INFO] ============================================================
2026-06-20 01:04:22,334 [INFO] STEP 12: ABLATION STUDY (calibration patients only)
2026-06-20 01:04:22,334 [INFO] ============================================================
2026-06-20 01:04:22,423 [INFO]   BASELINE: TP=0 FP=0 FN=34 F1=0.0000
2026-06-20 01:04:22,519 [INFO]   MERGE_ONLY: TP=0 FP=0 FN=34 F1=0.0000
2026-06-20 01:04:22,617 [INFO]   CONFIDENCE_ONLY: TP=10 FP=5 FN=24 F1=0.4082
2026-06-20 01:04:22,707 [INFO]   THRESHOLD_ONLY: TP=0 FP=0 FN=34 F1=0.0000
2026-06-20 01:04:22,798 [INFO]   SMOOTHING_ONLY: TP=2 FP=0 FN=32 F1=0.1111
2026-06-20 01:04:22,897 [INFO]   MERGE_CONFIDENCE: TP=11 FP=4 FN=23 F1=0.4490
2026-06-20 01:04:22,997 [INFO]   MERGE_THRESHOLD: TP=0 FP=0 FN=34 F1=0.0000
2026-06-20 01:04:23,080 [INFO]   FULL_SYSTEM: TP=16 FP=7 FN=18 F1=0.5614
2026-06-20 01:04:23,099 [INFO] [STEP12_ABLATION] ARTIFACT_VALIDATED | {"path": "PHASE7_6_ABLATION_RESULTS.csv", "rows": 8, "cols": 7}
2026-06-20 01:04:23,100 [INFO] [STEP12_ABLATION] PASSED | {"configs_tested": 8}
2026-06-20 01:04:23,101 [INFO] ============================================================
2026-06-20 01:04:23,101 [INFO] STEP 13: EVENT RECONSTRUCTION AUDIT (calibration patients)
2026-06-20 01:04:23,101 [INFO] ============================================================
2026-06-20 01:04:23,192 [INFO] [STEP13_EVENT_RECONSTRUCTION] ARTIFACT_VALIDATED | {"path": "PHASE7_6_EVENT_RECONSTRUCTION_AUDIT.csv", "rows": 3, "cols": 11}
2026-06-20 01:04:23,193 [INFO] [STEP13_EVENT_RECONSTRUCTION] PASSED | {"patients": 3, "mean_event_f1": 0.6217}
2026-06-20 01:04:23,286 [INFO]   Calibration data freed. RAM=2348MB
2026-06-20 01:04:23,286 [INFO] ============================================================
2026-06-20 01:04:23,286 [INFO] STEP 14: TEST EVALUATION (unseen patients)
2026-06-20 01:04:23,287 [INFO] ============================================================
2026-06-20 01:04:23,287 [INFO]   Evaluating test patient: chb02
2026-06-20 01:04:29,937 [INFO]   Loaded 27215 rows so far for TEST_chb02. RAM=5102MB
2026-06-20 01:04:30,760 [INFO]   Loaded 63300 rows so far for TEST_chb02. RAM=5417MB
2026-06-20 01:04:35,790 [INFO]   Total loaded 63300 rows for TEST_chb02
2026-06-20 01:04:38,236 [INFO]     chb02: TP=3 FP=4 FN=0 P=0.4286 R=1.0000 F1=0.6000 archetype=calibration_misaligned
2026-06-20 01:04:38,319 [INFO]   Evaluating test patient: chb05
2026-06-20 01:04:46,201 [INFO]   Loaded 14992 rows so far for TEST_chb05. RAM=7505MB
2026-06-20 01:04:46,895 [INFO]   Loaded 64992 rows so far for TEST_chb05. RAM=7633MB
2026-06-20 01:04:48,749 [INFO]   Loaded 70010 rows so far for TEST_chb05. RAM=4000MB
2026-06-20 01:04:49,991 [INFO]   Total loaded 70010 rows for TEST_chb05
2026-06-20 01:04:52,306 [INFO]     chb05: TP=5 FP=100 FN=0 P=0.0476 R=1.0000 F1=0.0909 archetype=stable
2026-06-20 01:04:52,392 [INFO]   Evaluating test patient: chb09
2026-06-20 01:05:02,695 [INFO]   Loaded 18436 rows so far for TEST_chb09. RAM=4035MB
2026-06-20 01:05:03,379 [INFO]   Loaded 68436 rows so far for TEST_chb09. RAM=4221MB
2026-06-20 01:05:04,209 [INFO]   Loaded 118436 rows so far for TEST_chb09. RAM=4408MB
2026-06-20 01:05:04,882 [INFO]   Loaded 122078 rows so far for TEST_chb09. RAM=4173MB
2026-06-20 01:05:05,990 [INFO]   Total loaded 122078 rows for TEST_chb09
2026-06-20 01:05:09,628 [INFO]     chb09: TP=4 FP=87 FN=0 P=0.0440 R=1.0000 F1=0.0842 archetype=stable
2026-06-20 01:05:09,727 [INFO]   Evaluating test patient: chb14
2026-06-20 01:05:19,524 [INFO]   Loaded 40796 rows so far for TEST_chb14. RAM=3988MB
2026-06-20 01:05:19,786 [INFO]   Loaded 46670 rows so far for TEST_chb14. RAM=4008MB
2026-06-20 01:05:20,342 [INFO]   Total loaded 46670 rows for TEST_chb14
2026-06-20 01:05:21,915 [INFO]     chb14: TP=2 FP=31 FN=6 P=0.0606 R=0.2500 F1=0.0976 archetype=attenuated
2026-06-20 01:05:22,000 [INFO]   Evaluating test patient: chb22
2026-06-20 01:05:30,303 [INFO]   Loaded 24340 rows so far for TEST_chb22. RAM=3923MB
2026-06-20 01:05:30,853 [INFO]   Loaded 55651 rows so far for TEST_chb22. RAM=4037MB
2026-06-20 01:05:31,070 [INFO]   Total loaded 55651 rows for TEST_chb22
2026-06-20 01:05:32,934 [INFO]     chb22: TP=3 FP=3 FN=0 P=0.5000 R=1.0000 F1=0.6667 archetype=calibration_misaligned
2026-06-20 01:05:33,181 [INFO] [STEP14_TEST_EVALUATION] ARTIFACT_VALIDATED | {"path": "PHASE7_6_TEST_RESULTS.csv", "rows": 5, "cols": 12}
2026-06-20 01:05:33,184 [INFO] [STEP14_TEST_EVALUATION] PASSED | {"patients_evaluated": 5, "mean_event_f1": 0.3079}
2026-06-20 01:05:33,184 [INFO] ============================================================
2026-06-20 01:05:33,184 [INFO] STEP 15: RECOVERY AUDIT + FINAL COMPARISON
2026-06-20 01:05:33,185 [INFO] ============================================================
2026-06-20 01:05:33,212 [INFO] [STEP15_RECOVERY] ARTIFACT_VALIDATED | {"path": "PHASE7_6_RECOVERY_AUDIT.csv", "rows": 5, "cols": 6}
2026-06-20 01:05:33,412 [INFO] [STEP15_RECOVERY] ARTIFACT_VALIDATED | {"path": "PHASE7_6_FINAL_COMPARISON.csv", "rows": 5, "cols": 10}
2026-06-20 01:05:33,413 [INFO] [STEP15_RECOVERY] PASSED | {"patients_compared": 5, "mean_phase76_f1": 0.3079, "mean_phase7_f1": 0.4784}
2026-06-20 01:05:33,414 [INFO] ============================================================
2026-06-20 01:05:33,414 [INFO] STEP 16: SUCCESS CRITERIA
2026-06-20 01:05:33,414 [INFO] ============================================================
2026-06-20 01:05:33,430 [ERROR]   Verdict: FAILED (1/5 conditions met)
2026-06-20 01:05:33,431 [INFO] [STEP16_SUCCESS_CRITERIA] FAILED | {"verdict": "FAILED", "passed_conditions": 1, "total_conditions": 5, "mean_phase76_event_f1": 0.3079, "mean_phase7_event_f1": 0.4784, "f1_delta": -0.1705, "n_patients_improved": 1, "n_patients_regressed_gt10": 4, "chb14_event_f1": 0.0976, "chb14_improved": true, "mean_precision": 0.2162, "precision_recovered": false, "mean_fp_per_patient": 45.0, "conditions": {"avg_event_f1_exceeds_phase7": false, "at_least_3_patients_improve": false, "no_more_than_1_patient_regresses_gt10pct": false, "precision_collapse_reduced": false, "chb14_improves_above_zero": true}}
2026-06-20 01:05:33,432 [INFO] ============================================================
2026-06-20 01:05:33,433 [INFO] STEP 17: SELF AUDIT (with content validation)
2026-06-20 01:05:33,433 [INFO] ============================================================
2026-06-20 01:05:33,524 [INFO] [STEP17_SELF_AUDIT] PARTIAL | {"all_pass": false}
2026-06-20 01:05:33,524 [INFO] ============================================================
2026-06-20 01:05:33,524 [INFO] STEP 18: RUNTIME AUDIT
2026-06-20 01:05:33,524 [INFO] ============================================================
2026-06-20 01:05:33,525 [INFO] ============================================================
2026-06-20 01:05:33,526 [INFO] STEP 19: EXECUTION REPORT
2026-06-20 01:05:33,526 [INFO] ============================================================
2026-06-20 01:05:33,529 [INFO]   Execution report written: PHASE7_6_EXECUTION_REPORT.txt
2026-06-20 01:05:33,540 [INFO] ======================================================================
2026-06-20 01:05:33,540 [INFO] PHASE 7.6 COMPLETE — VERDICT: FAILED
2026-06-20 01:05:33,541 [INFO]   Mean Event F1: 0.3079
2026-06-20 01:05:33,541 [INFO] ======================================================================
